sports/:6606 [roster] Yankees: 24 players
sports/:6606 [roster] Mets: 26 players
favicon.ico:1  Failed to load resource: the server responded with a status of 404 ()
favicon.ico:1  Failed to load resource: the server responded with a status of 404 ()
i.ytimg.com/vi/1AUoyEokS8Y/oardefault.jpg:1  Failed to load resource: the server responded with a status of 404 ()
i.ytimg.com/vi/s2-cjMkkb4w/oardefault.jpg:1  Failed to load resource: the server responded with a status of 404 ()
i.ytimg.com/vi/1AUoyEokS8Y/maxresdefault.jpg:1  Failed to load resource: the server responded with a status of 404 ()
sports/:1757 [recap] no video found for mlb-daily
console.warn @ sports/:1757
i.ytimg.com/vi/NxG-EJzySQc/oardefault.jpg:1  Failed to load resource: the server responded with a status of 404 ()
i.ytimg.com/vi/HMqnZii3PDM/oardefault.jpg:1  Failed to load resource: the server responded with a status of 404 ()
i.ytimg.com/vi/HMqnZii3PDM/maxresdefault.jpg:1  Failed to load resource: the server responded with a status of 404 ()
sports/:1 Access to fetch at 'https://www.youtube.com/feeds/videos.xml?channel_id=UCQl18L5vfX9hCSclV_F6XpQ' from origin 'https://mikeylegs.github.io' has been blocked by CORS policy: No 'Access-Control-Allow-Origin' header is present on the requested resource.
www.youtube.com/feeds/videos.xml?channel_id=UCQl18L5vfX9hCSclV_F6XpQ:1  Failed to load resource: net::ERR_FAILED
sports.michael-legra.workers.dev/?url=https%3A%2F%2Fwww.youtube.com%2Ffeeds%2Fvideos.xml%3Fchannel_id%3DUCQl18L5vfX9hCSclV_F6XpQ:1  Failed to load resource: the server responded with a status of 404 ()
proxy.corsfix.com/?https://www.youtube.com/feeds/videos.xml?channel_id=UCQl18L5vfX9hCSclV_F6XpQ:1  Failed to load resource: the server responded with a status of 403 ()
thingproxy.freeboard.io/fetch/https://www.youtube.com/feeds/videos.xml?channel_id=UCQl18L5vfX9hCSclV_F6XpQ:1  Failed to load resource: net::ERR_NAME_NOT_RESOLVED
sports/:7487 [recap] RSS empty/blocked for pgatour
sports/:1 Access to fetch at 'https://www.youtube.com/feeds/videos.xml?channel_id=UCyeer4UbTK9pzZL9_hhCimA' from origin 'https://mikeylegs.github.io' has been blocked by CORS policy: No 'Access-Control-Allow-Origin' header is present on the requested resource.
www.youtube.com/feeds/videos.xml?channel_id=UCyeer4UbTK9pzZL9_hhCimA:1  Failed to load resource: net::ERR_FAILED
sports/:7486 [recap] RSS ok: 15 videos from cbsgolf
i.ytimg.com/vi/-2oTfTC3GfI/oardefault.jpg:1  Failed to load resource: the server responded with a status of 404 ()
i.ytimg.com/vi/TasIeiIPle4/oardefault.jpg:1  Failed to load resource: the server responded with a status of 404 ()
i.ytimg.com/vi/OyZFGy8Ihl4/oardefault.jpg:1  Failed to load resource: the server responded with a status of 404 ()
sports/:1 Access to fetch at 'https://www.youtube.com/feeds/videos.xml?channel_id=UCWJ2lWNubArHWmf3FIHbfcQ' from origin 'https://mikeylegs.github.io' has been blocked by CORS policy: No 'Access-Control-Allow-Origin' header is present on the requested resource.
www.youtube.com/feeds/videos.xml?channel_id=UCWJ2lWNubArHWmf3FIHbfcQ:1  Failed to load resource: net::ERR_FAILED
sports/:7486 [recap] RSS ok: 15 videos from NBA
sports/:1 Access to fetch at 'https://www.youtube.com/feeds/videos.xml?channel_id=UCoLrcjPV5PbUrUyXq5mjc_A' from origin 'https://mikeylegs.github.io' has been blocked by CORS policy: No 'Access-Control-Allow-Origin' header is present on the requested resource.
www.youtube.com/feeds/videos.xml?channel_id=UCoLrcjPV5PbUrUyXq5mjc_A:1  Failed to load resource: net::ERR_FAILED
sports/:7486 [recap] RSS ok: 15 videos from MLB
i.ytimg.com/vi/RxwuGCHsl0U/oardefault.jpg:1  Failed to load resource: the server responded with a status of 404 ()
i.ytimg.com/vi/RxwuGCHsl0U/maxresdefault.jpg:1  Failed to load resource: the server responded with a status of 404 ()
i.ytimg.com/vi/jnSzktWRAmw/oardefault.jpg:1  Failed to load resource: the server responded with a status of 404 ()
i.ytimg.com/vi/_hxGXC8_YGQ/oardefault.jpg:1  Failed to load resource: the server responded with a status of 404 ()
sports/:4546 [R105] inferred FINAL: CWS 4 @ DET 3 — ESPN still said "End 9th"
sports/:1757 [recap] no video found for mlb-daily
console.warn @ sports/:1757
sports/:1 Access to fetch at 'https://www.youtube.com/feeds/videos.xml?channel_id=UCQl18L5vfX9hCSclV_F6XpQ' from origin 'https://mikeylegs.github.io' has been blocked by CORS policy: No 'Access-Control-Allow-Origin' header is present on the requested resource.
www.youtube.com/feeds/videos.xml?channel_id=UCQl18L5vfX9hCSclV_F6XpQ:1  Failed to load resource: net::ERR_FAILED
sports.michael-legra.workers.dev/?url=https%3A%2F%2Fwww.youtube.com%2Ffeeds%2Fvideos.xml%3Fchannel_id%3DUCQl18L5vfX9hCSclV_F6XpQ:1  Failed to load resource: the server responded with a status of 404 ()
proxy.corsfix.com/?https://www.youtube.com/feeds/videos.xml?channel_id=UCQl18L5vfX9hCSclV_F6XpQ:1  Failed to load resource: the server responded with a status of 403 ()
thingproxy.freeboard.io/fetch/https://www.youtube.com/feeds/videos.xml?channel_id=UCQl18L5vfX9hCSclV_F6XpQ:1  Failed to load resource: net::ERR_NAME_NOT_RESOLVED
sports/:7487 [recap] RSS empty/blocked for pgatour
sports/:1 Access to fetch at 'https://www.youtube.com/feeds/videos.xml?channel_id=UCyeer4UbTK9pzZL9_hhCimA' from origin 'https://mikeylegs.github.io' has been blocked by CORS policy: No 'Access-Control-Allow-Origin' header is present on the requested resource.
www.youtube.com/feeds/videos.xml?channel_id=UCyeer4UbTK9pzZL9_hhCimA:1  Failed to load resource: net::ERR_FAILED
sports/:7486 [recap] RSS ok: 15 videos from cbsgolf
